schedule   3: add, %-1(no WB), % 0, % 1, PUSH
schedule   0: add, % 2, %35(STACK), % 3, NOP
schedule   4: add, % 5, %35(STACK), % 4, POP
schedule   5: add, %-1(no WB), % 6, % 7, PUSH
schedule   1: add, %-1(no WB), % 2, %35(STACK), NOP
schedule   2: add, % 9, %32(ADD), % 8, NOP
schedule   6: add, %11, %35(STACK), %10, POP
