schedule   0: add, % 0, % 1, % 2, NOP
schedule   1: add, %-1(no WB), % 3, % 4, PUSH
schedule   2: add, %-1(no WB), % 0, %35(STACK), PUSH
schedule   3: add, %-1(no WB), % 0, %-1, POP
schedule   4: add, % 5, %35(STACK), %32(ADD), POP
